\BOOKMARK [1][-]{section.1}{\376\377\000A\000b\000s\000t\000r\000a\000c\000t}{}% 1
\BOOKMARK [1][-]{section.2}{\376\377\000E\000x\000p\000e\000r\000i\000m\000e\000n\000t\000a\000l\000\040\000S\000e\000t\000u\000p}{}% 2
\BOOKMARK [2][-]{subsection.2.1}{\376\377\000D\000a\000t\000a\000s\000e\000t\000s}{section.2}% 3
\BOOKMARK [2][-]{subsection.2.2}{\376\377\000C\000o\000m\000p\000a\000r\000e\000d\000\040\000A\000l\000g\000o\000r\000i\000t\000h\000m\000s}{section.2}% 4
\BOOKMARK [2][-]{subsection.2.3}{\376\377\000E\000v\000a\000l\000u\000a\000t\000i\000o\000n\000\040\000P\000r\000o\000t\000o\000c\000o\000l}{section.2}% 5
\BOOKMARK [1][-]{section.3}{\376\377\000O\000v\000e\000r\000a\000l\000l\000\040\000R\000e\000s\000u\000l\000t\000s}{}% 6
\BOOKMARK [2][-]{subsection.3.1}{\376\377\000S\000u\000m\000m\000a\000r\000y\000\040\000S\000t\000a\000t\000i\000s\000t\000i\000c\000s\000\040\000\050\000A\000l\000l\000\040\0003\0000\000\040\000D\000a\000t\000a\000s\000e\000t\000s\000\051}{section.3}% 7
\BOOKMARK [2][-]{subsection.3.2}{\376\377\000G\000P\000U\000\040\000A\000l\000g\000o\000r\000i\000t\000h\000m\000\040\000C\000o\000m\000p\000a\000r\000i\000s\000o\000n\000\040\000\050\000N\000=\0002\0009\000\040\000C\000o\000m\000p\000l\000e\000t\000e\000\040\000D\000a\000t\000a\000s\000e\000t\000s\000\051}{section.3}% 8
\BOOKMARK [1][-]{section.4}{\376\377\000P\000e\000r\000-\000D\000a\000t\000a\000s\000e\000t\000\040\000D\000e\000t\000a\000i\000l\000e\000d\000\040\000R\000e\000s\000u\000l\000t\000s}{}% 9
\BOOKMARK [2][-]{subsection.4.1}{\376\377\000F\0001\000-\000S\000c\000o\000r\000e\000\040\040\023\000\040\000A\000l\000l\000\040\000D\000a\000t\000a\000s\000e\000t\000s}{section.4}% 10
\BOOKMARK [2][-]{subsection.4.2}{\376\377\000A\000U\000C\000\040\040\023\000\040\000A\000l\000l\000\040\000D\000a\000t\000a\000s\000e\000t\000s}{section.4}% 11
\BOOKMARK [2][-]{subsection.4.3}{\376\377\000P\000r\000e\000c\000i\000s\000i\000o\000n\000\040\040\023\000\040\000A\000l\000l\000\040\000D\000a\000t\000a\000s\000e\000t\000s}{section.4}% 12
\BOOKMARK [2][-]{subsection.4.4}{\376\377\000R\000e\000c\000a\000l\000l\000\040\040\023\000\040\000A\000l\000l\000\040\000D\000a\000t\000a\000s\000e\000t\000s}{section.4}% 13
\BOOKMARK [1][-]{section.5}{\376\377\000R\000a\000n\000k\000i\000n\000g\000\040\000A\000n\000a\000l\000y\000s\000i\000s}{}% 14
\BOOKMARK [2][-]{subsection.5.1}{\376\377\000P\000e\000r\000-\000D\000a\000t\000a\000s\000e\000t\000\040\000R\000a\000n\000k\000i\000n\000g\000s\000\040\000\050\000F\0001\000\051}{section.5}% 15
\BOOKMARK [2][-]{subsection.5.2}{\376\377\000R\000a\000n\000k\000\040\000D\000i\000s\000t\000r\000i\000b\000u\000t\000i\000o\000n}{section.5}% 16
\BOOKMARK [1][-]{section.6}{\376\377\000S\000t\000a\000t\000i\000s\000t\000i\000c\000a\000l\000\040\000T\000e\000s\000t\000s}{}% 17
\BOOKMARK [2][-]{subsection.6.1}{\376\377\000W\000i\000l\000c\000o\000x\000o\000n\000\040\000S\000i\000g\000n\000e\000d\000-\000R\000a\000n\000k\000\040\000T\000e\000s\000t\000\040\000\050\000N\000M\000I\000G\000O\000D\000\040\000v\000s\000.\000\040\000E\000a\000c\000h\000\040\000O\000p\000p\000o\000n\000e\000n\000t\000\051}{section.6}% 18
\BOOKMARK [2][-]{subsection.6.2}{\376\377\000F\000r\000i\000e\000d\000m\000a\000n\000\040\000T\000e\000s\000t}{section.6}% 19
\BOOKMARK [2][-]{subsection.6.3}{\376\377\000E\000f\000f\000e\000c\000t\000\040\000S\000i\000z\000e\000\040\040\023\000\040\000C\000l\000i\000f\000f\000s\000\040}{section.6}% 20
\BOOKMARK [1][-]{section.7}{\376\377\000S\000u\000b\000g\000r\000o\000u\000p\000\040\000A\000n\000a\000l\000y\000s\000i\000s\000\040\000b\000y\000\040\000D\000a\000t\000a\000\040\000T\000y\000p\000e}{}% 21
\BOOKMARK [1][-]{section.8}{\376\377\000T\000o\000p\000-\000K\000\040\000A\000n\000a\000l\000y\000s\000i\000s}{}% 22
\BOOKMARK [1][-]{section.9}{\376\377\000D\000i\000a\000g\000n\000o\000s\000t\000i\000c\000\040\000A\000n\000a\000l\000y\000s\000i\000s}{}% 23
\BOOKMARK [2][-]{subsection.9.1}{\376\377\000N\000M\000I\000G\000O\000D\000\040\000P\000e\000r\000f\000o\000r\000m\000a\000n\000c\000e\000\040\000P\000r\000o\000f\000i\000l\000e}{section.9}% 24
\BOOKMARK [2][-]{subsection.9.2}{\376\377\000P\000o\000s\000t\000-\000R\000e\000m\000o\000v\000a\000l\000\040\000A\000n\000a\000l\000y\000s\000i\000s\000\040\000\050\000N\000=\0002\0004\000\051}{section.9}% 25
\BOOKMARK [1][-]{section.10}{\376\377\000H\000e\000a\000d\000-\000t\000o\000-\000H\000e\000a\000d\000\040\000W\000i\000n\000\040\000M\000a\000t\000r\000i\000x\000\040\000\050\000F\0001\000\051}{}% 26
\BOOKMARK [1][-]{section.11}{\376\377\000A\000b\000l\000a\000t\000i\000o\000n\000\040\000S\000t\000u\000d\000y}{}% 27
\BOOKMARK [1][-]{section.12}{\376\377\000P\000a\000r\000a\000m\000e\000t\000e\000r\000\040\000S\000e\000n\000s\000i\000t\000i\000v\000i\000t\000y\000\040\000\050\000N\000M\000I\000G\000O\000D\000\051}{}% 28
\BOOKMARK [1][-]{section.13}{\376\377\000D\000i\000s\000c\000u\000s\000s\000i\000o\000n}{}% 29
\BOOKMARK [2][-]{subsection.13.1}{\376\377\000S\000t\000r\000e\000n\000g\000t\000h\000s\000\040\000o\000f\000\040\000N\000M\000I\000G\000O\000D}{section.13}% 30
\BOOKMARK [2][-]{subsection.13.2}{\376\377\000L\000i\000m\000i\000t\000a\000t\000i\000o\000n\000s\000\040\000a\000n\000d\000\040\000F\000u\000t\000u\000r\000e\000\040\000W\000o\000r\000k}{section.13}% 31
\BOOKMARK [1][-]{section.14}{\376\377\000C\000o\000n\000c\000l\000u\000s\000i\000o\000n}{}% 32
