\BOOKMARK [1][-]{section.1}{\376\377\173\227\154\325\151\202\217\360}{}% 1
\BOOKMARK [1][-]{section.2}{\376\377\123\302\145\160\117\123\174\373\140\073\211\310}{}% 2
\BOOKMARK [1][-]{section.3}{\376\377\173\054\116\000\134\102\377\032\165\050\142\067\123\357\221\115\177\156\215\205\123\302\145\160\000\040\000\050\0007\116\052\000\051}{}% 3
\BOOKMARK [2][-]{subsection.3.1}{\376\377\000l\000a\000m\000b\000d\000a\000\137\000p\000a\000r\000a\000m\000\040\000\050\000\051\377\032\220\273\127\337\123\112\137\204\174\373\145\160}{section.3}% 4
\BOOKMARK [2][-]{subsection.3.2}{\376\377\000m\000i\000\137\000t\000h\000r\000e\000s\000h\000o\000l\000d\000\040\000\050\000\051\377\032\116\222\117\341\140\157\172\000\165\217\123\026\226\010\120\074}{section.3}% 5
\BOOKMARK [2][-]{subsection.3.3}{\376\377\000h\000i\000d\000d\000e\000n\0001\000,\000\040\000h\000i\000d\000d\000e\000n\0002\377\032\000G\000C\000N\000\040\226\220\205\317\134\102\176\364\136\246}{section.3}% 6
\BOOKMARK [2][-]{subsection.3.4}{\376\377\000e\000p\000o\000c\000h\000s\000,\000\040\000l\000r\377\032\213\255\176\303\215\205\123\302\145\160}{section.3}% 7
\BOOKMARK [2][-]{subsection.3.5}{\376\377\000l\000a\000b\000e\000l\000e\000d\000\137\000r\000a\000t\000i\000o\377\032\150\007\154\350\153\324\117\213}{section.3}% 8
\BOOKMARK [1][-]{section.4}{\376\377\173\054\116\214\134\102\377\032\126\372\133\232\221\115\177\156\123\302\145\160\000\040\000\050\0004\116\052\000\051}{}% 9
\BOOKMARK [2][-]{subsection.4.1}{\376\377\000p\000o\000s\000\137\000w\000e\000i\000g\000h\000t\000\040\122\250\140\001\213\241\173\227\147\072\122\066}{section.4}% 10
\BOOKMARK [1][-]{section.5}{\376\377\173\054\116\011\134\102\377\032\173\227\154\325\121\205\220\350\213\241\173\227\123\302\145\160\000\040\000\050\0005\116\052\000\051}{}% 11
\BOOKMARK [2][-]{subsection.5.1}{\376\377\123\302\200\003\123\112\137\204\000\040\000a}{section.5}% 12
\BOOKMARK [2][-]{subsection.5.2}{\376\377\122\022\122\006\117\341\140\157\161\265\000\040\000N\000E\000a\000\040\000\050\121\154\137\017\000\040\0001\0000\000\051}{section.5}% 13
\BOOKMARK [2][-]{subsection.5.3}{\376\377\121\150\134\100\133\306\136\246\000\040\000a}{section.5}% 14
\BOOKMARK [2][-]{subsection.5.4}{\376\377\201\352\220\002\136\224\123\112\137\204\000\040\000a\000\040\000\050\121\154\137\017\000\040\0001\0002\000\051}{section.5}% 15
\BOOKMARK [2][-]{subsection.5.5}{\376\377\220\273\127\337\116\222\117\341\140\157\167\351\226\065\000\040\000M}{section.5}% 16
\BOOKMARK [1][-]{section.6}{\376\377\173\054\126\333\134\102\377\032\155\210\207\215\133\236\232\214\143\247\122\066\137\000\121\163\000\040\000\050\0002\116\052\000\051}{}% 17
\BOOKMARK [2][-]{subsection.6.1}{\376\377\176\257\000\040\000N\000M\000I\000\040\152\041\137\017\000\040\000\050\000u\000s\000e\000\137\000g\000c\000n\000=\000F\000a\000l\000s\000e\000\051}{section.6}% 18
\BOOKMARK [1][-]{section.7}{\376\377\123\302\145\160\145\117\141\037\140\047\122\006\147\220\116\016\143\250\203\120\221\115\177\156}{}% 19
\BOOKMARK [2][-]{subsection.7.1}{\376\377\177\121\150\074\144\034\175\042\176\323\147\234}{section.7}% 20
\BOOKMARK [2][-]{subsection.7.2}{\376\377\123\302\145\160\137\161\124\315\224\376\215\357\126\376}{section.7}% 21
\BOOKMARK [1][-]{section.8}{\376\377\133\214\145\164\124\175\116\344\210\114\117\177\165\050\171\072\117\213}{}% 22
\BOOKMARK [2][-]{subsection.8.1}{\376\377\236\330\213\244\123\302\145\160\217\320\210\114}{section.8}% 23
\BOOKMARK [2][-]{subsection.8.2}{\376\377\117\177\165\050\143\250\203\120\221\115\177\156}{section.8}% 24
\BOOKMARK [2][-]{subsection.8.3}{\376\377\131\032\145\160\143\156\226\306\142\171\221\317\217\320\210\114}{section.8}% 25
\BOOKMARK [2][-]{subsection.8.4}{\376\377\000P\000y\000t\000h\000o\000n\000\040\000A\000P\000I\000\040\214\003\165\050\000\040\000\050\124\053\155\210\207\215\133\236\232\214\000\051}{section.8}% 26
\BOOKMARK [1][-]{section.9}{\376\377\123\302\145\160\214\003\117\030\133\236\142\030\143\007\123\127}{}% 27
\BOOKMARK [2][-]{subsection.9.1}{\376\377\214\003\123\302\117\030\121\110\176\247}{section.9}% 28
\BOOKMARK [2][-]{subsection.9.2}{\376\377\116\015\124\014\145\160\143\156\174\173\127\213\166\204\214\003\123\302\136\372\213\256}{section.9}% 29
\BOOKMARK [2][-]{subsection.9.3}{\376\377\213\312\145\255\217\223\121\372\211\343\213\373}{section.9}% 30
\BOOKMARK [1][-]{section.10}{\376\377\140\073\176\323}{}% 31
